<html>
<body>
<pre>
<h1>µVision Build Log</h1>
<h2>Project:</h2>
D:\ITI_Intake_39\Side_Projects\Home-Automation\STM32f103C8_UART\STM32f103C8_SPI.uvproj
Project File Date:  01/22/2019

<h2>Output:</h2>
Build target 'Target 1'
compiling system_stm32f10x.c...
compiling misc.c...
compiling stm32f10x_gpio.c...
compiling stm32f10x_rcc.c...
compiling stm32f10x_usart.c...
compiling main.c...
compiling delay.c...
compiling stm32f10x_i2c.c...
linking...
Program Size: Code=4012 RO-data=268 RW-data=44 ZI-data=1636  
".\STM32f103C8_SPI.axf" - 0 Error(s), 0 Warning(s).
</pre>
</body>
</html>
