<html>
<body>
<pre>
<h1>µVision Build Log</h1>
<h2>Project:</h2>
F:\ITI\Home-Automation\STM32f103C8_UART\STM32f103C8_SPI.uvproj
Project File Date:  01/22/2019

<h2>Output:</h2>
Build target 'Target 1'
compiling main.c...
linking...
Program Size: Code=980 RO-data=268 RW-data=24 ZI-data=1632  
".\STM32f103C8_SPI.axf" - 0 Error(s), 0 Warning(s).
</pre>
</body>
</html>
mpiling main.c...
compiling delay.c...
compiling stm32f10x_i2c.c...
linking...
Program Size: Code=4264 RO-data=268 RW-data=44 ZI-data=1636  
".\STM32f103C8_SPI.axf" - 0 Error(s), 0 Warning(s).
\stm32f10x.h(8297): error:  #5: cannot open source input file "stm32f10x_conf.h": No such file or directory
    #include "stm32f10x_conf.h"
STM32F10x_StdPeriph_Driver\src\misc.c: 0 warnings, 1 error
compiling stm32f10x_gpio.c...
.\CMSIS\CM3\DeviceSupport\ST\STM32F10x\stm32f10x.h(8297): error:  #5: cannot open source input file "stm32f10x_conf.h": No such file or directory
    #include "stm32f10x_conf.h"
STM32F10x_StdPeriph_Driver\src\stm32f10x_gpio.c: 0 warnings, 1 error
compiling stm32f10x_rcc.c...
.\CMSIS\CM3\DeviceSupport\ST\STM32F10x\stm32f10x.h(8297): error:  #5: cannot open source input file "stm32f10x_conf.h": No such file or directory
    #include "stm32f10x_conf.h"
STM32F10x_StdPeriph_Driver\src\stm32f10x_rcc.c: 0 warnings, 1 error
compiling stm32f10x_usart.c...
.\CMSIS\CM3\DeviceSupport\ST\STM32F10x\stm32f10x.h(8297): error:  #5: cannot open source input file "stm32f10x_conf.h": No such file or directory
    #include "stm32f10x_conf.h"
STM32F10x_StdPeriph_Driver\src\stm32f10x_usart.c: 0 warnings, 1 error
compiling main.c...
.\CMSIS\CM3\DeviceSupport\ST\STM32F10x\stm32f10x.h(8297): error:  #5: cannot open source input file "stm32f10x_conf.h": No such file or directory
    #include "stm32f10x_conf.h"
User\main.c: 0 warnings, 1 error
compiling delay.c...
.\CMSIS\CM3\DeviceSupport\ST\STM32F10x\stm32f10x.h(8297): error:  #5: cannot open source input file "stm32f10x_conf.h": No such file or directory
    #include "stm32f10x_conf.h"
User\delay.c: 0 warnings, 1 error
compiling stm32f10x_i2c.c...
.\CMSIS\CM3\DeviceSupport\ST\STM32F10x\stm32f10x.h(8297): error:  #5: cannot open source input file "stm32f10x_conf.h": No such file or directory
    #include "stm32f10x_conf.h"
STM32F10x_StdPeriph_Driver\src\stm32f10x_i2c.c: 0 warnings, 1 error
".\STM32f103C8_SPI.axf" - 8 Error(s), 0 Warning(s).
Target not created
c\stm32f10x_i2c.c: 0 warnings, 1 error
".\STM32f103C8_SPI.axf" - 8 Error(s), 0 Warning(s).
Target not created
