<html>
<body>
<pre>
<h1>µVision Build Log</h1>
<h2>Project:</h2>
F:\ITI\Home-Automation\STM32f103C8_I2C\STM32f103C8_I2C.uvproj
Project File Date:  01/22/2019

<h2>Output:</h2>
Build target 'Target 1'
compiling main.c...
User\main.c(202): warning:  #1-D: last line of file ends without a newline
  }
User\main.c: 1 warning, 0 errors
linking...
Program Size: Code=4396 RO-data=268 RW-data=52 ZI-data=1636  
".\STM32f103C8_I2C.axf" - 0 Error(s), 1 Warning(s).
Load "F:\\ITI\\Home-Automation\\STM32f103C8_I2C\\STM32f103C8_I2C.axf" 
Erase Done.
Programming Done.
Verify OK.
m32f10x_rcc.c...
linking...
Program Size: Code=4372 RO-data=268 RW-data=52 ZI-data=1636  
".\STM32f103C8_I2C.axf" - 0 Error(s), 1 Warning(s).
Load "F:\\ITI\\Home-Automation\\STM32f103C8_I2C\\STM32f103C8_I2C.axf" 
Erase Done.
Programming Done.
Verify OK.
