<html>
<body>
<pre>
<h1>µVision Build Log</h1>
<h2>Project:</h2>
F:\ITI\Home-Automation\STM32f103C8_SPI\STM32f103C8_SPI.uvproj
Project File Date:  01/22/2019

<h2>Output:</h2>
Build target 'Target 1'
assembling startup_stm32f10x_md.s...
compiling core_cm3.c...
compiling system_stm32f10x.c...
compiling misc.c...
compiling stm32f10x_gpio.c...
compiling stm32f10x_spi.c...
compiling stm32f10x_rcc.c...
compiling main.c...
User\main.c(130): warning:  #1-D: last line of file ends without a newline
  }
User\main.c: 1 warning, 0 errors
linking...
Program Size: Code=3716 RO-data=268 RW-data=48 ZI-data=1632  
".\STM32f103C8_SPI.axf" - 0 Error(s), 1 Warning(s).
</pre>
</body>
</html>
